---
source: tests/integration/auth/client_credentials.rs
expression: stdout
---
{
  "json_version": "1",
  "data": {
    "key_type": "User",
    "graph_id": null,
    "graph_title": null,
    "user_id": "a-user-id",
    "origin": "$APOLLO_KEY",
    "api_key": "exch**************oken",
    "success": true
  },
  "error": null
}
