---
source: src/command/config/show/output.rs
expression: text
---
Profile: staging (explicit)
Credential: present (profile)

┌───────────────────────────┬──────────────────────────────────────┬────────────────────┐
│ Setting                   ┆ Value                                ┆ Source             │
╞═══════════════════════════╪══════════════════════════════════════╪════════════════════╡
│ APOLLO_REGISTRY_URL       ┆ https://registry.staging.example.com ┆ profile (explicit) │
├╌╌╌╌╌╌╌╌╌╌╌╌╌╌╌╌╌╌╌╌╌╌╌╌╌╌╌┼╌╌╌╌╌╌╌╌╌╌╌╌╌╌╌╌╌╌╌╌╌╌╌╌╌╌╌╌╌╌╌╌╌╌╌╌╌╌┼╌╌╌╌╌╌╌╌╌╌╌╌╌╌╌╌╌╌╌╌┤
│ APOLLO_TELEMETRY_DISABLED ┆ false                                ┆ built-in default   │
└───────────────────────────┴──────────────────────────────────────┴────────────────────┘
