---
source: tests/integration/plugin/install.rs
expression: json
---
{
  "json_version": "1",
  "data": {
    "success": false
  },
  "error": {
    "message": "Couldn't install the `supergraph` plugin v2.9.3 into `[home]/.rover/bin`.",
    "causes": [
      "Couldn't unpack the downloaded plugin archive",
      "invalid gzip header"
    ],
    "code": "E050"
  }
}
