---
source: tests/integration/plugin/install.rs
expression: json
---
{
  "json_version": "1",
  "data": {
    "plugins": [],
    "success": false
  },
  "error": {
    "message": "Couldn't download the `supergraph` plugin v2.9.3.",
    "causes": [
      "Bad Status code: 403 Forbidden"
    ],
    "code": "E049",
    "plugin": "supergraph",
    "requested_version": "=2.9.3"
  }
}
