---
source: tests/integration/plugin/install.rs
expression: json
---
{
  "json_version": "1",
  "data": {
    "success": false
  },
  "error": {
    "message": "Couldn't resolve a release of the `supergraph` plugin matching `=2.9.9` from the plugin registry.",
    "causes": [
      "Couldn't download the plugin artifact",
      "Bad Status code: 404 Not Found"
    ],
    "code": "E048"
  }
}
