---
source: tests/integration/plugin/spellings.rs
expression: own
---
Plugin management commands

Usage: rover plugin [OPTIONS] <COMMAND>

Commands:
  install
          Download and install an officially supported plugin
  help
          Print this message or the help of the given subcommand(s)

Options:
