---
source: src/command/config/mod.rs
expression: text.unwrap()
---
Profile: default (default)
Credential: none

┌───────────────────────────────┬───────────────────────────────────────┬──────────────────┐
│ Setting                       ┆ Value                                 ┆ Source           │
╞═══════════════════════════════╪═══════════════════════════════════════╪══════════════════╡
│ APOLLO_REGISTRY_URL           ┆ https://api.apollographql.com/graphql ┆ built-in default │
├╌╌╌╌╌╌╌╌╌╌╌╌╌╌╌╌╌╌╌╌╌╌╌╌╌╌╌╌╌╌╌┼╌╌╌╌╌╌╌╌╌╌╌╌╌╌╌╌╌╌╌╌╌╌╌╌╌╌╌╌╌╌╌╌╌╌╌╌╌╌╌┼╌╌╌╌╌╌╌╌╌╌╌╌╌╌╌╌╌╌┤
│ APOLLO_TELEMETRY_URL          ┆ https://rover.apollo.dev/telemetry    ┆ built-in default │
├╌╌╌╌╌╌╌╌╌╌╌╌╌╌╌╌╌╌╌╌╌╌╌╌╌╌╌╌╌╌╌┼╌╌╌╌╌╌╌╌╌╌╌╌╌╌╌╌╌╌╌╌╌╌╌╌╌╌╌╌╌╌╌╌╌╌╌╌╌╌╌┼╌╌╌╌╌╌╌╌╌╌╌╌╌╌╌╌╌╌┤
│ APOLLO_TELEMETRY_DISABLED     ┆ false                                 ┆ built-in default │
├╌╌╌╌╌╌╌╌╌╌╌╌╌╌╌╌╌╌╌╌╌╌╌╌╌╌╌╌╌╌╌┼╌╌╌╌╌╌╌╌╌╌╌╌╌╌╌╌╌╌╌╌╌╌╌╌╌╌╌╌╌╌╌╌╌╌╌╌╌╌╌┼╌╌╌╌╌╌╌╌╌╌╌╌╌╌╌╌╌╌┤
│ APOLLO_CHECKS_TIMEOUT_SECONDS ┆ 300                                   ┆ built-in default │
├╌╌╌╌╌╌╌╌╌╌╌╌╌╌╌╌╌╌╌╌╌╌╌╌╌╌╌╌╌╌╌┼╌╌╌╌╌╌╌╌╌╌╌╌╌╌╌╌╌╌╌╌╌╌╌╌╌╌╌╌╌╌╌╌╌╌╌╌╌╌╌┼╌╌╌╌╌╌╌╌╌╌╌╌╌╌╌╌╌╌┤
│ APOLLO_ROVER_DOWNLOAD_HOST    ┆ https://rover.apollo.dev              ┆ built-in default │
└───────────────────────────────┴───────────────────────────────────────┴──────────────────┘
