---
source: tests/integration/supergraph/config.rs
expression: "String::from_utf8(stdout).unwrap()"
---
federation_version: =2.9.0
subgraphs:
  products:
    routing_url: https://products.example.com
    schema:
      subgraph_url: https://products.example.com
      introspection_headers:
        Authorization: default-token
  users:
    routing_url: http://localhost:4002
    schema:
      file: ./users.graphql
