---
source: src/command/api_key/create/output.rs
expression: envelope
---
{
  "json_version": "1",
  "data": {
    "key_type": "ClientCredentials",
    "id": "c_8f2a",
    "client_id": "c_8f2a",
    "client_secret": "s_super-secret",
    "secret_expires_at": "2028-09-25T16:00:00Z",
    "name": "ci-deploy",
    "graphs": [
      "inventory",
      "checkout"
    ],
    "scopes": [
      "rover:cli"
    ],
    "success": true
  },
  "error": null
}
